Collecting pandas
  Downloading pandas-3.0.5-cp312-cp312-win_amd64.whl.metadata (19 kB)
Collecting geopandas
  Downloading geopandas-1.1.4-py3-none-any.whl.metadata (2.3 kB)
Collecting shapely
  Downloading shapely-2.1.2-cp312-cp312-win_amd64.whl.metadata (7.1 kB)
Collecting pyproj
  Downloading pyproj-3.7.2-cp312-cp312-win_amd64.whl.metadata (31 kB)
Collecting fiona
  Downloading fiona-1.10.1-cp312-cp312-win_amd64.whl.metadata (58 kB)
Collecting rtree
  Downloading rtree-1.4.1-py3-none-win_amd64.whl.metadata (2.2 kB)
Collecting requests
  Using cached requests-2.34.2-py3-none-any.whl.metadata (4.8 kB)
Collecting folium
  Downloading folium-0.20.0-py2.py3-none-any.whl.metadata (4.2 kB)
Collecting branca
  Downloading branca-0.8.2-py3-none-any.whl.metadata (1.7 kB)
Collecting jinja2
  Using cached jinja2-3.1.6-py3-none-any.whl.metadata (2.9 kB)
Collecting statsmodels
  Downloading statsmodels-0.14.6-cp312-cp312-win_amd64.whl.metadata (9.8 kB)
Collecting scikit-learn
  Downloading scikit_learn-1.9.0-cp312-cp312-win_amd64.whl.metadata (11 kB)
Collecting openpyxl
  Using cached openpyxl-3.1.5-py2.py3-none-any.whl.metadata (2.5 kB)
Collecting chardet
  Downloading chardet-7.5.1-cp312-cp312-win_amd64.whl.metadata (9.5 kB)
Collecting tqdm
  Downloading tqdm-4.70.0-py3-none-any.whl.metadata (57 kB)
Collecting python-dotenv
  Using cached python_dotenv-1.2.2-py3-none-any.whl.metadata (27 kB)
Collecting markitdown[all]
  Downloading markitdown-0.1.7-py3-none-any.whl.metadata (4.9 kB)
Collecting numpy>=1.26.0 (from pandas)
  Using cached numpy-2.5.2-cp312-cp312-win_amd64.whl.metadata (6.6 kB)
Collecting python-dateutil>=2.8.2 (from pandas)
  Downloading python_dateutil-2.9.0.post0-py2.py3-none-any.whl.metadata (8.4 kB)
Collecting tzdata (from pandas)
  Using cached tzdata-2026.3-py2.py3-none-any.whl.metadata (1.4 kB)
Collecting pyogrio>=0.7.2 (from geopandas)
  Downloading pyogrio-0.13.0-cp311-abi3-win_amd64.whl.metadata (6.0 kB)
Collecting packaging (from geopandas)
  Using cached packaging-26.3-py3-none-any.whl.metadata (3.5 kB)
Collecting certifi (from pyproj)
  Using cached certifi-2026.7.22-py3-none-any.whl.metadata (2.5 kB)
Collecting attrs>=19.2.0 (from fiona)
  Using cached attrs-26.1.0-py3-none-any.whl.metadata (8.8 kB)
Collecting click~=8.0 (from fiona)
  Using cached click-8.4.2-py3-none-any.whl.metadata (2.6 kB)
Collecting click-plugins>=1.0 (from fiona)
  Downloading click_plugins-1.1.1.2-py2.py3-none-any.whl.metadata (6.5 kB)
Collecting cligj>=0.5 (from fiona)
  Downloading cligj-0.7.2-py3-none-any.whl.metadata (5.0 kB)
Collecting colorama (from click~=8.0->fiona)
  Using cached colorama-0.4.6-py2.py3-none-any.whl.metadata (17 kB)
Collecting charset_normalizer<4,>=2 (from requests)
  Using cached charset_normalizer-3.4.9-cp312-cp312-win_amd64.whl.metadata (42 kB)
Collecting idna<4,>=2.5 (from requests)
  Using cached idna-3.18-py3-none-any.whl.metadata (6.1 kB)
Collecting urllib3<3,>=1.26 (from requests)
  Using cached urllib3-2.7.0-py3-none-any.whl.metadata (6.9 kB)
Collecting xyzservices (from folium)
  Downloading xyzservices-2026.3.0-py3-none-any.whl.metadata (4.1 kB)
Collecting MarkupSafe>=2.0 (from jinja2)
  Using cached markupsafe-3.0.3-cp312-cp312-win_amd64.whl.metadata (2.8 kB)
Collecting scipy!=1.9.2,>=1.8 (from statsmodels)
  Downloading scipy-1.18.0-cp312-cp312-win_amd64.whl.metadata (61 kB)
Collecting patsy>=0.5.6 (from statsmodels)
  Downloading patsy-1.0.2-py2.py3-none-any.whl.metadata (3.6 kB)
Collecting joblib>=1.4.0 (from scikit-learn)
  Downloading joblib-1.5.3-py3-none-any.whl.metadata (5.5 kB)
Collecting narwhals>=2.0.1 (from scikit-learn)
  Downloading narwhals-2.24.0-py3-none-any.whl.metadata (15 kB)
Collecting threadpoolctl>=3.5.0 (from scikit-learn)
  Downloading threadpoolctl-3.6.0-py3-none-any.whl.metadata (13 kB)
Collecting et-xmlfile (from openpyxl)
  Using cached et_xmlfile-2.0.0-py3-none-any.whl.metadata (2.7 kB)
Collecting beautifulsoup4 (from markitdown[all])
  Downloading beautifulsoup4-4.15.0-py3-none-any.whl.metadata (3.8 kB)
Collecting defusedxml (from markitdown[all])
  Using cached defusedxml-0.7.1-py2.py3-none-any.whl.metadata (32 kB)
Collecting magika~=0.6.1 (from markitdown[all])
  Downloading magika-0.6.3-py3-none-win_amd64.whl.metadata (10 kB)
Collecting markdownify (from markitdown[all])
  Downloading markdownify-1.2.3-py3-none-any.whl.metadata (9.9 kB)
Collecting azure-ai-contentunderstanding>=1.2.0b1 (from markitdown[all])
  Downloading azure_ai_contentunderstanding-1.2.0b2-py3-none-any.whl.metadata (44 kB)
Collecting azure-ai-documentintelligence (from markitdown[all])
  Downloading azure_ai_documentintelligence-1.0.2-py3-none-any.whl.metadata (53 kB)
Collecting azure-identity (from markitdown[all])
  Downloading azure_identity-1.25.3-py3-none-any.whl.metadata (91 kB)
Collecting lxml (from markitdown[all])
  Using cached lxml-6.1.1-cp312-cp312-win_amd64.whl.metadata (3.6 kB)
Collecting mammoth~=1.11.0 (from markitdown[all])
  Downloading mammoth-1.11.0-py2.py3-none-any.whl.metadata (26 kB)
Collecting olefile (from markitdown[all])
  Downloading olefile-0.47-py2.py3-none-any.whl.metadata (9.7 kB)
Collecting pdfminer-six>=20251230 (from markitdown[all])
  Downloading pdfminer_six-20260107-py3-none-any.whl.metadata (4.3 kB)
Collecting pdfplumber>=0.11.9 (from markitdown[all])
  Downloading pdfplumber-0.11.10-py3-none-any.whl.metadata (43 kB)
Collecting pydub (from markitdown[all])
  Downloading pydub-0.25.1-py2.py3-none-any.whl.metadata (1.4 kB)
Collecting python-pptx (from markitdown[all])
  Downloading python_pptx-1.0.2-py3-none-any.whl.metadata (2.5 kB)
Collecting speechrecognition (from markitdown[all])
  Downloading speechrecognition-3.17.0-py3-none-any.whl.metadata (28 kB)
Collecting xlrd (from markitdown[all])
  Downloading xlrd-2.0.2-py2.py3-none-any.whl.metadata (3.5 kB)
Collecting youtube-transcript-api~=1.0.0 (from markitdown[all])
  Downloading youtube_transcript_api-1.0.3-py3-none-any.whl.metadata (23 kB)
Collecting onnxruntime>=1.17.0 (from magika~=0.6.1->markitdown[all])
  Downloading onnxruntime-1.28.0-cp312-cp312-win_amd64.whl.metadata (5.7 kB)
  Downloading onnxruntime-1.20.1-cp312-cp312-win_amd64.whl.metadata (4.7 kB)
Collecting cobble<0.2,>=0.1.3 (from mammoth~=1.11.0->markitdown[all])
  Downloading cobble-0.1.4-py3-none-any.whl.metadata (2.7 kB)
Collecting coloredlogs (from onnxruntime>=1.17.0->magika~=0.6.1->markitdown[all])
  Downloading coloredlogs-15.0.1-py2.py3-none-any.whl.metadata (12 kB)
Collecting flatbuffers (from onnxruntime>=1.17.0->magika~=0.6.1->markitdown[all])
  Downloading flatbuffers-25.12.19-py2.py3-none-any.whl.metadata (1.0 kB)
Collecting protobuf (from onnxruntime>=1.17.0->magika~=0.6.1->markitdown[all])
  Downloading protobuf-7.35.1-cp310-abi3-win_amd64.whl.metadata (595 bytes)
Collecting sympy (from onnxruntime>=1.17.0->magika~=0.6.1->markitdown[all])
  Downloading sympy-1.14.0-py3-none-any.whl.metadata (12 kB)
Collecting isodate>=0.6.1 (from azure-ai-contentunderstanding>=1.2.0b1->markitdown[all])
  Using cached isodate-0.7.2-py3-none-any.whl.metadata (11 kB)
Collecting azure-core>=1.37.0 (from azure-ai-contentunderstanding>=1.2.0b1->markitdown[all])
  Downloading azure_core-1.41.0-py3-none-any.whl.metadata (49 kB)
Collecting typing-extensions>=4.6.0 (from azure-ai-contentunderstanding>=1.2.0b1->markitdown[all])
  Using cached typing_extensions-4.16.0-py3-none-any.whl.metadata (3.3 kB)
Collecting cryptography>=36.0.0 (from pdfminer-six>=20251230->markitdown[all])
  Using cached cryptography-50.0.0-cp311-abi3-win_amd64.whl.metadata (4.3 kB)
Collecting cffi>=2.0.0 (from cryptography>=36.0.0->pdfminer-six>=20251230->markitdown[all])
  Using cached cffi-2.1.1-cp312-cp312-win_amd64.whl.metadata (2.6 kB)
Collecting pycparser (from cffi>=2.0.0->cryptography>=36.0.0->pdfminer-six>=20251230->markitdown[all])
  Using cached pycparser-3.0-py3-none-any.whl.metadata (8.2 kB)
Collecting Pillow>=12.2.0 (from pdfplumber>=0.11.9->markitdown[all])
  Using cached pillow-12.3.0-cp312-cp312-win_amd64.whl.metadata (9.3 kB)
Collecting pypdfium2>=5.9.0 (from pdfplumber>=0.11.9->markitdown[all])
  Downloading pypdfium2-5.12.1-py3-none-win_amd64.whl.metadata (70 kB)
Collecting six>=1.5 (from python-dateutil>=2.8.2->pandas)
  Downloading six-1.17.0-py2.py3-none-any.whl.metadata (1.7 kB)
Collecting msal>=1.35.1 (from azure-identity->markitdown[all])
  Downloading msal-1.37.0-py3-none-any.whl.metadata (11 kB)
Collecting msal-extensions>=1.2.0 (from azure-identity->markitdown[all])
  Downloading msal_extensions-1.3.1-py3-none-any.whl.metadata (7.8 kB)
Collecting PyJWT<3,>=1.0.0 (from PyJWT[crypto]<3,>=1.0.0->msal>=1.35.1->azure-identity->markitdown[all])
  Downloading pyjwt-2.13.0-py3-none-any.whl.metadata (3.4 kB)
Collecting soupsieve>=1.6.1 (from beautifulsoup4->markitdown[all])
  Downloading soupsieve-2.9.2-py3-none-any.whl.metadata (4.6 kB)
Collecting humanfriendly>=9.1 (from coloredlogs->onnxruntime>=1.17.0->magika~=0.6.1->markitdown[all])
  Downloading humanfriendly-10.0-py2.py3-none-any.whl.metadata (9.2 kB)
Collecting pyreadline3 (from humanfriendly>=9.1->coloredlogs->onnxruntime>=1.17.0->magika~=0.6.1->markitdown[all])
  Downloading pyreadline3-3.5.6-py3-none-any.whl.metadata (4.7 kB)
Collecting XlsxWriter>=0.5.7 (from python-pptx->markitdown[all])
  Downloading xlsxwriter-3.2.9-py3-none-any.whl.metadata (2.7 kB)
Collecting mpmath<1.4,>=1.1.0 (from sympy->onnxruntime>=1.17.0->magika~=0.6.1->markitdown[all])
  Downloading mpmath-1.3.0-py3-none-any.whl.metadata (8.6 kB)
Downloading pandas-3.0.5-cp312-cp312-win_amd64.whl (9.8 MB)
   ---------------------------------------- 9.8/9.8 MB 19.7 MB/s  0:00:00
Downloading geopandas-1.1.4-py3-none-any.whl (343 kB)
Downloading shapely-2.1.2-cp312-cp312-win_amd64.whl (1.7 MB)
   ---------------------------------------- 1.7/1.7 MB 23.2 MB/s  0:00:00
Downloading pyproj-3.7.2-cp312-cp312-win_amd64.whl (6.3 MB)
   ---------------------------------------- 6.3/6.3 MB 21.5 MB/s  0:00:00
Downloading fiona-1.10.1-cp312-cp312-win_amd64.whl (24.5 MB)
   ---------------------------------------- 24.5/24.5 MB 10.1 MB/s  0:00:02
Using cached click-8.4.2-py3-none-any.whl (119 kB)
Downloading rtree-1.4.1-py3-none-win_amd64.whl (389 kB)
Using cached requests-2.34.2-py3-none-any.whl (73 kB)
Using cached charset_normalizer-3.4.9-cp312-cp312-win_amd64.whl (162 kB)
Using cached idna-3.18-py3-none-any.whl (65 kB)
Using cached urllib3-2.7.0-py3-none-any.whl (131 kB)
Downloading folium-0.20.0-py2.py3-none-any.whl (113 kB)
Downloading branca-0.8.2-py3-none-any.whl (26 kB)
Using cached jinja2-3.1.6-py3-none-any.whl (134 kB)
Downloading statsmodels-0.14.6-cp312-cp312-win_amd64.whl (9.5 MB)
   ---------------------------------------- 9.5/9.5 MB 22.9 MB/s  0:00:00
Using cached numpy-2.5.2-cp312-cp312-win_amd64.whl (12.5 MB)
Downloading scikit_learn-1.9.0-cp312-cp312-win_amd64.whl (8.2 MB)
   ---------------------------------------- 8.2/8.2 MB 36.5 MB/s  0:00:00
Using cached openpyxl-3.1.5-py2.py3-none-any.whl (250 kB)
Downloading chardet-7.5.1-cp312-cp312-win_amd64.whl (1.0 MB)
   ---------------------------------------- 1.0/1.0 MB 16.8 MB/s  0:00:00
Downloading tqdm-4.70.0-py3-none-any.whl (80 kB)
Using cached python_dotenv-1.2.2-py3-none-any.whl (22 kB)
Downloading markitdown-0.1.7-py3-none-any.whl (71 kB)
Downloading magika-0.6.3-py3-none-win_amd64.whl (12.7 MB)
   ---------------------------------------- 12.7/12.7 MB 33.1 MB/s  0:00:00
Downloading mammoth-1.11.0-py2.py3-none-any.whl (54 kB)
Downloading cobble-0.1.4-py3-none-any.whl (4.0 kB)
Downloading onnxruntime-1.20.1-cp312-cp312-win_amd64.whl (11.3 MB)
   ---------------------------------------- 11.3/11.3 MB 39.3 MB/s  0:00:00
Downloading youtube_transcript_api-1.0.3-py3-none-any.whl (2.2 MB)
   ---------------------------------------- 2.2/2.2 MB 30.3 MB/s  0:00:00
Using cached defusedxml-0.7.1-py2.py3-none-any.whl (25 kB)
Using cached attrs-26.1.0-py3-none-any.whl (67 kB)
Downloading azure_ai_contentunderstanding-1.2.0b2-py3-none-any.whl (113 kB)
Downloading azure_core-1.41.0-py3-none-any.whl (220 kB)
Using cached certifi-2026.7.22-py3-none-any.whl (136 kB)
Downloading click_plugins-1.1.1.2-py2.py3-none-any.whl (11 kB)
Downloading cligj-0.7.2-py3-none-any.whl (7.1 kB)
Using cached isodate-0.7.2-py3-none-any.whl (22 kB)
Downloading joblib-1.5.3-py3-none-any.whl (309 kB)
Using cached markupsafe-3.0.3-cp312-cp312-win_amd64.whl (15 kB)
Downloading narwhals-2.24.0-py3-none-any.whl (461 kB)
Using cached packaging-26.3-py3-none-any.whl (129 kB)
Downloading patsy-1.0.2-py2.py3-none-any.whl (233 kB)
Downloading pdfminer_six-20260107-py3-none-any.whl (6.6 MB)
   ---------------------------------------- 6.6/6.6 MB 31.2 MB/s  0:00:00
Using cached cryptography-50.0.0-cp311-abi3-win_amd64.whl (3.8 MB)
Using cached cffi-2.1.1-cp312-cp312-win_amd64.whl (185 kB)
Downloading pdfplumber-0.11.10-py3-none-any.whl (60 kB)
Using cached pillow-12.3.0-cp312-cp312-win_amd64.whl (7.2 MB)
Downloading pyogrio-0.13.0-cp311-abi3-win_amd64.whl (23.8 MB)
   ---------------------------------------- 23.8/23.8 MB 35.9 MB/s  0:00:00
Downloading pypdfium2-5.12.1-py3-none-win_amd64.whl (3.9 MB)
   ---------------------------------------- 3.9/3.9 MB 32.7 MB/s  0:00:00
Downloading python_dateutil-2.9.0.post0-py2.py3-none-any.whl (229 kB)
Downloading scipy-1.18.0-cp312-cp312-win_amd64.whl (36.6 MB)
   ---------------------------------------- 36.6/36.6 MB 36.9 MB/s  0:00:00
Downloading six-1.17.0-py2.py3-none-any.whl (11 kB)
Downloading threadpoolctl-3.6.0-py3-none-any.whl (18 kB)
Using cached typing_extensions-4.16.0-py3-none-any.whl (45 kB)
Downloading azure_ai_documentintelligence-1.0.2-py3-none-any.whl (106 kB)
Downloading azure_identity-1.25.3-py3-none-any.whl (192 kB)
Downloading msal-1.37.0-py3-none-any.whl (123 kB)
Downloading pyjwt-2.13.0-py3-none-any.whl (31 kB)
Downloading msal_extensions-1.3.1-py3-none-any.whl (20 kB)
Downloading beautifulsoup4-4.15.0-py3-none-any.whl (109 kB)
Downloading soupsieve-2.9.2-py3-none-any.whl (37 kB)
Using cached colorama-0.4.6-py2.py3-none-any.whl (25 kB)
Downloading coloredlogs-15.0.1-py2.py3-none-any.whl (46 kB)
Downloading humanfriendly-10.0-py2.py3-none-any.whl (86 kB)
Using cached et_xmlfile-2.0.0-py3-none-any.whl (18 kB)
Downloading flatbuffers-25.12.19-py2.py3-none-any.whl (26 kB)
Using cached lxml-6.1.1-cp312-cp312-win_amd64.whl (4.0 MB)
Downloading markdownify-1.2.3-py3-none-any.whl (15 kB)
Downloading olefile-0.47-py2.py3-none-any.whl (114 kB)
Downloading protobuf-7.35.1-cp310-abi3-win_amd64.whl (439 kB)
Using cached pycparser-3.0-py3-none-any.whl (48 kB)
Downloading pydub-0.25.1-py2.py3-none-any.whl (32 kB)
Downloading pyreadline3-3.5.6-py3-none-any.whl (85 kB)
Downloading python_pptx-1.0.2-py3-none-any.whl (472 kB)
Downloading xlsxwriter-3.2.9-py3-none-any.whl (175 kB)
Downloading speechrecognition-3.17.0-py3-none-any.whl (32.9 MB)
   ---------------------------------------- 32.9/32.9 MB 35.4 MB/s  0:00:00
Downloading sympy-1.14.0-py3-none-any.whl (6.3 MB)
   ---------------------------------------- 6.3/6.3 MB 29.7 MB/s  0:00:00
Downloading mpmath-1.3.0-py3-none-any.whl (536 kB)
   ---------------------------------------- 536.2/536.2 kB 18.3 MB/s  0:00:00
Using cached tzdata-2026.3-py2.py3-none-any.whl (348 kB)
Downloading xlrd-2.0.2-py2.py3-none-any.whl (96 kB)
Downloading xyzservices-2026.3.0-py3-none-any.whl (94 kB)
Installing collected packages: pydub, mpmath, flatbuffers, xyzservices, XlsxWriter, xlrd, urllib3, tzdata, typing-extensions, threadpoolctl, sympy, soupsieve, six, rtree, python-dotenv, pyreadline3, pypdfium2, PyJWT, pycparser, protobuf, Pillow, packaging, olefile, numpy, narwhals, MarkupSafe, lxml, joblib, isodate, idna, et-xmlfile, defusedxml, colorama, cobble, charset_normalizer, chardet, certifi, attrs, tqdm, speechrecognition, shapely, scipy, requests, python-pptx, python-dateutil, pyproj, pyogrio, patsy, openpyxl, mammoth, jinja2, humanfriendly, click, cffi, beautifulsoup4, youtube-transcript-api, scikit-learn, pandas, markdownify, cryptography, coloredlogs, cligj, click-plugins, branca, azure-core, statsmodels, pdfminer-six, onnxruntime, geopandas, folium, fiona, azure-ai-documentintelligence, azure-ai-contentunderstanding, pdfplumber, msal, magika, msal-extensions, markitdown, azure-identity

Successfully installed MarkupSafe-3.0.3 Pillow-12.3.0 PyJWT-2.13.0 XlsxWriter-3.2.9 attrs-26.1.0 azure-ai-contentunderstanding-1.2.0b2 azure-ai-documentintelligence-1.0.2 azure-core-1.41.0 azure-identity-1.25.3 beautifulsoup4-4.15.0 branca-0.8.2 certifi-2026.7.22 cffi-2.1.1 chardet-7.5.1 charset_normalizer-3.4.9 click-8.4.2 click-plugins-1.1.1.2 cligj-0.7.2 cobble-0.1.4 colorama-0.4.6 coloredlogs-15.0.1 cryptography-50.0.0 defusedxml-0.7.1 et-xmlfile-2.0.0 fiona-1.10.1 flatbuffers-25.12.19 folium-0.20.0 geopandas-1.1.4 humanfriendly-10.0 idna-3.18 isodate-0.7.2 jinja2-3.1.6 joblib-1.5.3 lxml-6.1.1 magika-0.6.3 mammoth-1.11.0 markdownify-1.2.3 markitdown-0.1.7 mpmath-1.3.0 msal-1.37.0 msal-extensions-1.3.1 narwhals-2.24.0 numpy-2.5.2 olefile-0.47 onnxruntime-1.20.1 openpyxl-3.1.5 packaging-26.3 pandas-3.0.5 patsy-1.0.2 pdfminer-six-20260107 pdfplumber-0.11.10 protobuf-7.35.1 pycparser-3.0 pydub-0.25.1 pyogrio-0.13.0 pypdfium2-5.12.1 pyproj-3.7.2 pyreadline3-3.5.6 python-dateutil-2.9.0.post0 python-dotenv-1.2.2 python-pptx-1.0.2 requests-2.34.2 rtree-1.4.1 scikit-learn-1.9.0 scipy-1.18.0 shapely-2.1.2 six-1.17.0 soupsieve-2.9.2 speechrecognition-3.17.0 statsmodels-0.14.6 sympy-1.14.0 threadpoolctl-3.6.0 tqdm-4.70.0 typing-extensions-4.16.0 tzdata-2026.3 urllib3-2.7.0 xlrd-2.0.2 xyzservices-2026.3.0 youtube-transcript-api-1.0.3
Collecting pyyaml
  Using cached pyyaml-6.0.3-cp312-cp312-win_amd64.whl.metadata (2.4 kB)
Using cached pyyaml-6.0.3-cp312-cp312-win_amd64.whl (154 kB)
Installing collected packages: pyyaml
Successfully installed pyyaml-6.0.3
Collecting pyarrow
  Downloading pyarrow-25.0.1-cp312-cp312-win_amd64.whl.metadata (3.0 kB)
Downloading pyarrow-25.0.1-cp312-cp312-win_amd64.whl (28.0 MB)
   ---------------------------------------- 28.0/28.0 MB 32.8 MB/s  0:00:01
Installing collected packages: pyarrow
Successfully installed pyarrow-25.0.1
Collecting playwright
  Downloading playwright-1.62.0-py3-none-win_amd64.whl.metadata (3.3 kB)
Collecting pyee<14,>=13 (from playwright)
  Downloading pyee-13.0.1-py3-none-any.whl.metadata (3.0 kB)
Collecting greenlet<4.0.0,>=3.1.1 (from playwright)
  Downloading greenlet-3.5.5-cp312-cp312-win_amd64.whl.metadata (3.9 kB)
Requirement already satisfied: typing-extensions in .\.venv\Lib\site-packages (from pyee<14,>=13->playwright) (4.16.0)
Downloading playwright-1.62.0-py3-none-win_amd64.whl (38.2 MB)
   ---------------------------------------- 38.2/38.2 MB 32.8 MB/s  0:00:01
Downloading greenlet-3.5.5-cp312-cp312-win_amd64.whl (324 kB)
Downloading pyee-13.0.1-py3-none-any.whl (15 kB)
Installing collected packages: pyee, greenlet, playwright

Successfully installed greenlet-3.5.5 playwright-1.62.0 pyee-13.0.1
